Solver command line: ['/home/marco/miniconda3/envs/opt312/bin/glpsol', '--tmlim', '300', '--memlim', '16384', '--write', '/tmp/tmp0evvpdsa.glpk.raw', '--wglp', '/tmp/tmp_q8l1tl2.glpk.glp', '--cpxlp', '/tmp/tmpds3vwyjm.pyomo.lp']

GLPSOL: GLPK LP/MIP Solver, v4.65
Parameter(s) specified in the command line:
 --tmlim 300 --memlim 16384 --write /tmp/tmp0evvpdsa.glpk.raw --wglp /tmp/tmp_q8l1tl2.glpk.glp
 --cpxlp /tmp/tmpds3vwyjm.pyomo.lp
Reading problem data from '/tmp/tmpds3vwyjm.pyomo.lp'...
/tmp/tmpds3vwyjm.pyomo.lp:53974: warning: lower bound of variable 'x2' redefined
/tmp/tmpds3vwyjm.pyomo.lp:53974: warning: upper bound of variable 'x2' redefined
2658 rows, 6849 columns, 32291 non-zeros
6849 integer variables, 6817 of which are binary
60791 lines were read
Writing problem data to '/tmp/tmp_q8l1tl2.glpk.glp'...
49096 lines were written
GLPK Integer Optimizer, v4.65
2658 rows, 6849 columns, 32291 non-zeros
6849 integer variables, 6817 of which are binary
Preprocessing...
161 hidden covering inequaliti(es) were detected
8 constraint coefficient(s) were reduced
2658 rows, 6849 columns, 32291 non-zeros
6849 integer variables, 6817 of which are binary
Scaling...
 A: min|aij| =  1.000e+00  max|aij| =  1.000e+01  ratio =  1.000e+01
Problem data seem to be well scaled
Constructing initial basis...
Size of triangular part is 2658
Solving LP relaxation...
GLPK Simplex Optimizer, v4.65
2658 rows, 6849 columns, 32291 non-zeros
*     0: obj =  -0.000000000e+00 inf =   0.000e+00 (4477)
*  2524: obj =   9.319177798e+03 inf =   1.749e-15 (0) 4
OPTIMAL LP SOLUTION FOUND
Integer optimization begins...
Long-step dual simplex will be used
+  2524: mip =     not found yet <=              +inf        (1; 0)
+  4190: mip =     not found yet <=   9.319177798e+03        (438; 1)
+  6285: mip =     not found yet <=   9.319177798e+03        (828; 3)
+ 10225: mip =     not found yet <=   9.319177798e+03        (1098; 3)
+ 12244: mip =     not found yet <=   9.319177798e+03        (1416; 5)
+ 15734: mip =     not found yet <=   9.319177798e+03        (1816; 6)
+ 18355: mip =     not found yet <=   9.319177798e+03        (2072; 6)
+ 21312: mip =     not found yet <=   9.319177798e+03        (2471; 8)
+ 22369: >>>>>   9.259174671e+03 <=   9.319177798e+03   0.6% (2790; 8)
+ 25395: mip =   9.259174671e+03 <=   9.319177798e+03   0.6% (2851; 617)
+ 27779: mip =   9.259174671e+03 <=   9.319177798e+03   0.6% (3333; 619)
+ 29516: mip =   9.259174671e+03 <=   9.319177798e+03   0.6% (3781; 621)
+ 32001: mip =   9.259174671e+03 <=   9.319177798e+03   0.6% (4099; 623)
Time used: 60.0 secs.  Memory used: 12.5 Mb.
+ 33925: mip =   9.259174671e+03 <=   9.319177798e+03   0.6% (4439; 625)
+ 36302: mip =   9.259174671e+03 <=   9.319177798e+03   0.6% (4775; 626)
+ 38119: mip =   9.259174671e+03 <=   9.319177798e+03   0.6% (5200; 628)
+ 38541: >>>>>   9.260175564e+03 <=   9.319177798e+03   0.6% (5353; 628)
+ 40101: mip =   9.260175564e+03 <=   9.319177798e+03   0.6% (5732; 680)
+ 41848: mip =   9.260175564e+03 <=   9.319177798e+03   0.6% (6226; 682)
+ 41868: >>>>>   9.264175564e+03 <=   9.319177798e+03   0.6% (6233; 682)
+ 43134: >>>>>   9.268174671e+03 <=   9.319177798e+03   0.6% (6375; 1177)
+ 44796: mip =   9.268174671e+03 <=   9.319177798e+03   0.6% (6677; 1431)
+ 46616: mip =   9.268174671e+03 <=   9.319177798e+03   0.6% (7131; 1434)
+ 49195: mip =   9.268174671e+03 <=   9.319177798e+03   0.6% (7458; 1435)
+ 51635: mip =   9.268174671e+03 <=   9.319177798e+03   0.6% (7838; 1437)
+ 54875: mip =   9.268174671e+03 <=   9.319177798e+03   0.6% (8149; 1438)
+ 58078: mip =   9.268174671e+03 <=   9.319177798e+03   0.6% (8469; 1440)
Time used: 120.0 secs.  Memory used: 16.6 Mb.
+ 61161: mip =   9.268174671e+03 <=   9.319177798e+03   0.6% (8808; 1442)
+ 62278: >>>>>   9.271175564e+03 <=   9.319177798e+03   0.5% (9032; 1442)
+ 66727: mip =   9.271175564e+03 <=   9.319177798e+03   0.5% (9093; 1834)
+ 70376: mip =   9.271175564e+03 <=   9.319177798e+03   0.5% (9388; 1836)
+ 73951: mip =   9.271175564e+03 <=   9.319177798e+03   0.5% (9656; 1837)
+ 76841: mip =   9.271175564e+03 <=   9.319177798e+03   0.5% (10043; 1839)
+ 80951: mip =   9.271175564e+03 <=   9.319177798e+03   0.5% (10339; 1840)
+ 83956: mip =   9.271175564e+03 <=   9.319177798e+03   0.5% (10577; 1842)
+ 87431: mip =   9.271175564e+03 <=   9.319177798e+03   0.5% (10857; 1843)
+ 90977: mip =   9.271175564e+03 <=   9.319177798e+03   0.5% (11172; 1844)
+ 94354: mip =   9.271175564e+03 <=   9.319177798e+03   0.5% (11452; 1845)
+ 98038: mip =   9.271175564e+03 <=   9.319177798e+03   0.5% (11749; 1847)
+ 99282: >>>>>   9.286174671e+03 <=   9.319177798e+03   0.4% (12033; 1848)
Time used: 180.0 secs.  Memory used: 20.8 Mb.
+102134: mip =   9.286174671e+03 <=   9.319177798e+03   0.4% (10940; 5114)
+104567: >>>>>   9.290177128e+03 <=   9.319177798e+03   0.3% (11554; 5119)
+105916: >>>>>   9.294176457e+03 <=   9.319177798e+03   0.3% (11088; 6732)
+108587: >>>>>   9.296176011e+03 <=   9.319177798e+03   0.2% (11109; 7789)
+110539: >>>>>   9.297175787e+03 <=   9.319177798e+03   0.2% (11133; 8682)
+110961: >>>>>   9.298176234e+03 <=   9.319177798e+03   0.2% (11127; 8969)
+113594: >>>>>   9.299176011e+03 <=   9.319177798e+03   0.2% (11547; 9551)
+115108: >>>>>   9.300176011e+03 <=   9.319177798e+03   0.2% (11637; 10156)
+118060: mip =   9.300176011e+03 <=   9.319177798e+03   0.2% (12009; 10588)
+121457: mip =   9.300176011e+03 <=   9.319177798e+03   0.2% (12535; 10592)
+124717: mip =   9.300176011e+03 <=   9.319177798e+03   0.2% (13121; 10598)
+127843: mip =   9.300176011e+03 <=   9.319177798e+03   0.2% (13746; 10605)
+130548: >>>>>   9.302175117e+03 <=   9.319177798e+03   0.2% (14246; 10608)
+131125: >>>>>   9.305176011e+03 <=   9.319177798e+03   0.2% (13936; 11509)
+133407: >>>>>   9.307176234e+03 <=   9.319177798e+03   0.1% (12540; 15183)
+136788: mip =   9.307176234e+03 <=   9.319177798e+03   0.1% (12323; 16629)
+140151: mip =   9.307176234e+03 <=   9.319177798e+03   0.1% (12719; 16632)
Time used: 240.0 secs.  Memory used: 24.5 Mb.
+143243: mip =   9.307176234e+03 <=   9.319177798e+03   0.1% (13480; 16644)
Solution found by heuristic: 9310.17601072
+145878: mip =   9.310176011e+03 <=   9.319177798e+03 < 0.1% (12659; 19577)
+148093: >>>>>   9.311176681e+03 <=   9.319177798e+03 < 0.1% (13077; 19580)
+150592: >>>>>   9.313176457e+03 <=   9.319177798e+03 < 0.1% (12484; 21720)
+151849: >>>>>   9.314177351e+03 <=   9.319177798e+03 < 0.1% (10791; 25554)
+152172: >>>>>   9.317176457e+03 <=   9.319177798e+03 < 0.1% (8999; 29312)
+154538: mip =   9.317176457e+03 <=   9.319177798e+03 < 0.1% (6924; 34633)
+156871: mip =   9.317176457e+03 <=   9.319177798e+03 < 0.1% (7497; 34643)
+159262: mip =   9.317176457e+03 <=   9.319177798e+03 < 0.1% (8008; 34654)
+161877: mip =   9.317176457e+03 <=   9.319177798e+03 < 0.1% (8519; 34661)
+162263: >>>>>   9.319177128e+03 <=   9.319177798e+03 < 0.1% (8615; 34662)
+162263: mip =   9.319177128e+03 <=     tree is empty   0.0% (0; 52345)
INTEGER OPTIMAL SOLUTION FOUND
Time used:   280.1 secs
Memory used: 26.0 Mb (27267011 bytes)
Writing MIP solution to '/tmp/tmp0evvpdsa.glpk.raw'...
9516 lines were written

