Solver command line: ['/home/marco/miniconda3/envs/opt312/bin/glpsol', '--tmlim', '30', '--memlim', '16384', '--write', '/tmp/tmpydoy7_5i.glpk.raw', '--wglp', '/tmp/tmp4whwdtka.glpk.glp', '--cpxlp', '/tmp/tmpoalbfk3i.pyomo.lp']

GLPSOL: GLPK LP/MIP Solver, v4.65
Parameter(s) specified in the command line:
 --tmlim 30 --memlim 16384 --write /tmp/tmpydoy7_5i.glpk.raw --wglp /tmp/tmp4whwdtka.glpk.glp
 --cpxlp /tmp/tmpoalbfk3i.pyomo.lp
Reading problem data from '/tmp/tmpoalbfk3i.pyomo.lp'...
/tmp/tmpoalbfk3i.pyomo.lp:8931: warning: lower bound of variable 'x2' redefined
/tmp/tmpoalbfk3i.pyomo.lp:8931: warning: upper bound of variable 'x2' redefined
1321 rows, 519 columns, 4380 non-zeros
519 integer variables, 490 of which are binary
9421 lines were read
Writing problem data to '/tmp/tmp4whwdtka.glpk.glp'...
7573 lines were written
GLPK Integer Optimizer, v4.65
1321 rows, 519 columns, 4380 non-zeros
519 integer variables, 490 of which are binary
Preprocessing...
237 hidden covering inequaliti(es) were detected
1263 rows, 519 columns, 4264 non-zeros
519 integer variables, 490 of which are binary
Scaling...
 A: min|aij| =  1.000e+00  max|aij| =  3.300e+01  ratio =  3.300e+01
GM: min|aij| =  4.238e-01  max|aij| =  2.360e+00  ratio =  5.568e+00
EQ: min|aij| =  1.796e-01  max|aij| =  1.000e+00  ratio =  5.568e+00
2N: min|aij| =  1.250e-01  max|aij| =  1.500e+00  ratio =  1.200e+01
Constructing initial basis...
Size of triangular part is 1263
Solving LP relaxation...
GLPK Simplex Optimizer, v4.65
1263 rows, 519 columns, 4264 non-zeros
*     0: obj =  -0.000000000e+00 inf =   0.000e+00 (29)
*   194: obj =   1.340000000e+02 inf =   8.075e-15 (0) 1
OPTIMAL LP SOLUTION FOUND
Integer optimization begins...
Long-step dual simplex will be used
+   194: mip =     not found yet <=              +inf        (1; 0)
+  2234: >>>>>   1.290000000e+02 <=   1.340000000e+02   3.9% (100; 803)
+ 26111: mip =   1.290000000e+02 <=   1.340000000e+02   3.9% (63; 13093)
+ 49190: mip =   1.290000000e+02 <=   1.340000000e+02   3.9% (98; 24919)
+ 70096: mip =   1.290000000e+02 <=   1.340000000e+02   3.9% (117; 36048)
+ 92968: mip =   1.290000000e+02 <=   1.340000000e+02   3.9% (130; 47810)
+113267: mip =   1.290000000e+02 <=   1.340000000e+02   3.9% (114; 59263)
+132921: mip =   1.290000000e+02 <=   1.340000000e+02   3.9% (120; 69518)
TIME LIMIT EXCEEDED; SEARCH TERMINATED
Time used:   30.0 secs
Memory used: 2.4 Mb (2504479 bytes)
Writing MIP solution to '/tmp/tmpydoy7_5i.glpk.raw'...
1849 lines were written

