Solver command line: ['/home/marco/miniconda3/envs/opt312/bin/glpsol', '--tmlim', '30', '--memlim', '16384', '--write', '/tmp/tmpgjmos4f_.glpk.raw', '--wglp', '/tmp/tmp2fx6ucho.glpk.glp', '--cpxlp', '/tmp/tmpfksdas56.pyomo.lp']

GLPSOL: GLPK LP/MIP Solver, v4.65
Parameter(s) specified in the command line:
 --tmlim 30 --memlim 16384 --write /tmp/tmpgjmos4f_.glpk.raw --wglp /tmp/tmp2fx6ucho.glpk.glp
 --cpxlp /tmp/tmpfksdas56.pyomo.lp
Reading problem data from '/tmp/tmpfksdas56.pyomo.lp'...
/tmp/tmpfksdas56.pyomo.lp:13189: warning: lower bound of variable 'x2' redefined
/tmp/tmpfksdas56.pyomo.lp:13189: warning: upper bound of variable 'x2' redefined
1946 rows, 752 columns, 6516 non-zeros
752 integer variables, 716 of which are binary
13905 lines were read
Writing problem data to '/tmp/tmp2fx6ucho.glpk.glp'...
11199 lines were written
GLPK Integer Optimizer, v4.65
1946 rows, 752 columns, 6516 non-zeros
752 integer variables, 716 of which are binary
Preprocessing...
362 hidden covering inequaliti(es) were detected
6 constraint coefficient(s) were reduced
1874 rows, 752 columns, 6372 non-zeros
752 integer variables, 716 of which are binary
Scaling...
 A: min|aij| =  1.000e+00  max|aij| =  3.300e+01  ratio =  3.300e+01
GM: min|aij| =  4.238e-01  max|aij| =  2.360e+00  ratio =  5.568e+00
EQ: min|aij| =  1.796e-01  max|aij| =  1.000e+00  ratio =  5.568e+00
2N: min|aij| =  1.250e-01  max|aij| =  1.500e+00  ratio =  1.200e+01
Constructing initial basis...
Size of triangular part is 1874
Solving LP relaxation...
GLPK Simplex Optimizer, v4.65
1874 rows, 752 columns, 6372 non-zeros
*     0: obj =  -0.000000000e+00 inf =   0.000e+00 (36)
*   248: obj =   1.560000000e+02 inf =   2.475e-17 (0) 2
OPTIMAL LP SOLUTION FOUND
Integer optimization begins...
Long-step dual simplex will be used
+   248: mip =     not found yet <=              +inf        (1; 0)
+ 13568: mip =     not found yet <=   1.560000000e+02        (87; 5665)
+ 31006: mip =     not found yet <=   1.560000000e+02        (160; 11541)
+ 48558: mip =     not found yet <=   1.560000000e+02        (221; 17145)
+ 64482: mip =     not found yet <=   1.560000000e+02        (280; 22564)
+ 82058: mip =     not found yet <=   1.560000000e+02        (352; 28251)
+ 99982: mip =     not found yet <=   1.560000000e+02        (416; 33707)
+ 99984: mip =     not found yet <=   1.560000000e+02        (416; 33709)
TIME LIMIT EXCEEDED; SEARCH TERMINATED
Time used:   30.0 secs
Memory used: 5.4 Mb (5639954 bytes)
Writing MIP solution to '/tmp/tmpgjmos4f_.glpk.raw'...
2707 lines were written

