Solver command line: ['/home/marco/miniconda3/envs/opt312/bin/glpsol', '--tmlim', '30', '--memlim', '16384', '--write', '/tmp/tmpp0o75j_i.glpk.raw', '--wglp', '/tmp/tmp7o2ot6gf.glpk.glp', '--cpxlp', '/tmp/tmp9onq6_dw.pyomo.lp']

GLPSOL: GLPK LP/MIP Solver, v4.65
Parameter(s) specified in the command line:
 --tmlim 30 --memlim 16384 --write /tmp/tmpp0o75j_i.glpk.raw --wglp /tmp/tmp7o2ot6gf.glpk.glp
 --cpxlp /tmp/tmp9onq6_dw.pyomo.lp
Reading problem data from '/tmp/tmp9onq6_dw.pyomo.lp'...
/tmp/tmp9onq6_dw.pyomo.lp:2275: warning: lower bound of variable 'x2' redefined
/tmp/tmp9onq6_dw.pyomo.lp:2275: warning: upper bound of variable 'x2' redefined
341 rows, 141 columns, 1074 non-zeros
141 integer variables, 128 of which are binary
2403 lines were read
Writing problem data to '/tmp/tmp7o2ot6gf.glpk.glp'...
1913 lines were written
GLPK Integer Optimizer, v4.65
341 rows, 141 columns, 1074 non-zeros
141 integer variables, 128 of which are binary
Preprocessing...
55 hidden covering inequaliti(es) were detected
315 rows, 141 columns, 1022 non-zeros
141 integer variables, 128 of which are binary
Scaling...
 A: min|aij| =  1.000e+00  max|aij| =  3.300e+01  ratio =  3.300e+01
GM: min|aij| =  4.238e-01  max|aij| =  2.360e+00  ratio =  5.568e+00
EQ: min|aij| =  1.796e-01  max|aij| =  1.000e+00  ratio =  5.568e+00
2N: min|aij| =  1.250e-01  max|aij| =  1.250e+00  ratio =  1.000e+01
Constructing initial basis...
Size of triangular part is 315
Solving LP relaxation...
GLPK Simplex Optimizer, v4.65
315 rows, 141 columns, 1022 non-zeros
*     0: obj =  -0.000000000e+00 inf =   0.000e+00 (13)
*    62: obj =   7.400000000e+01 inf =   2.442e-15 (0)
OPTIMAL LP SOLUTION FOUND
Integer optimization begins...
Long-step dual simplex will be used
+    62: mip =     not found yet <=              +inf        (1; 0)
+   132: >>>>>   7.400000000e+01 <=   7.400000000e+01   0.0% (20; 0)
+   132: mip =   7.400000000e+01 <=     tree is empty   0.0% (0; 39)
INTEGER OPTIMAL SOLUTION FOUND
Time used:   0.0 secs
Memory used: 0.5 Mb (534367 bytes)
Writing MIP solution to '/tmp/tmpp0o75j_i.glpk.raw'...
491 lines were written

